../Core/Src/main.c:91:5:main	184	static
../Core/Src/main.c:206:6:SystemClock_Config	72	static
../Core/Src/main.c:247:13:MX_IWDG_Init	8	static
../Core/Src/main.c:275:13:MX_SPI1_Init	8	static
../Core/Src/main.c:313:13:MX_USART1_UART_Init	8	static
../Core/Src/main.c:346:13:MX_GPIO_Init	40	static
../Core/Src/main.c:404:6:HAL_GPIO_EXTI_Callback	16	static
../Core/Src/main.c:428:6:StartSensorLight	16	static
../Core/Src/main.c:446:6:StartLoraTransmit	16	static
../Core/Src/main.c:472:6:StartGetValueDoAm	16	static
../Core/Src/main.c:490:6:StartGetValueDoAmDat	16	static
../Core/Src/main.c:509:6:HAL_TIM_PeriodElapsedCallback	16	static
../Core/Src/main.c:526:6:Error_Handler	4	static,ignoring_inline_asm
