Archive member included to satisfy reference by file (symbol)

C:/Users/ADMIN/STM32CubeIDE/workspace_1.14.1/STM32CubeIDE_1.14.0/STM32CubeIDE/plugins/com.st.stm32cube.ide.mcu.externaltools.gnu-tools-for-stm32.11.3.rel1.win32_1.1.100.202309141235/tools/bin/../lib/gcc/arm-none-eabi/11.3.1/../../../../arm-none-eabi/lib/thumb/v7-m/nofp\libc_nano.a(libc_a-exit.o)
                              C:/Users/ADMIN/STM32CubeIDE/workspace_1.14.1/STM32CubeIDE_1.14.0/STM32CubeIDE/plugins/com.st.stm32cube.ide.mcu.externaltools.gnu-tools-for-stm32.11.3.rel1.win32_1.1.100.202309141235/tools/bin/../lib/gcc/arm-none-eabi/11.3.1/../../../../arm-none-eabi/lib/thumb/v7-m/nofp/crt0.o (exit)
C:/Users/ADMIN/STM32CubeIDE/workspace_1.14.1/STM32CubeIDE_1.14.0/STM32CubeIDE/plugins/com.st.stm32cube.ide.mcu.externaltools.gnu-tools-for-stm32.11.3.rel1.win32_1.1.100.202309141235/tools/bin/../lib/gcc/arm-none-eabi/11.3.1/../../../../arm-none-eabi/lib/thumb/v7-m/nofp\libc_nano.a(libc_a-findfp.o)
                              C:/Users/ADMIN/STM32CubeIDE/workspace_1.14.1/STM32CubeIDE_1.14.0/STM32CubeIDE/plugins/com.st.stm32cube.ide.mcu.externaltools.gnu-tools-for-stm32.11.3.rel1.win32_1.1.100.202309141235/tools/bin/../lib/gcc/arm-none-eabi/11.3.1/../../../../arm-none-eabi/lib/thumb/v7-m/nofp\libc_nano.a(libc_a-exit.o) (__stdio_exit_handler)
C:/Users/ADMIN/STM32CubeIDE/workspace_1.14.1/STM32CubeIDE_1.14.0/STM32CubeIDE/plugins/com.st.stm32cube.ide.mcu.externaltools.gnu-tools-for-stm32.11.3.rel1.win32_1.1.100.202309141235/tools/bin/../lib/gcc/arm-none-eabi/11.3.1/../../../../arm-none-eabi/lib/thumb/v7-m/nofp\libc_nano.a(libc_a-fwalk.o)
                              C:/Users/ADMIN/STM32CubeIDE/workspace_1.14.1/STM32CubeIDE_1.14.0/STM32CubeIDE/plugins/com.st.stm32cube.ide.mcu.externaltools.gnu-tools-for-stm32.11.3.rel1.win32_1.1.100.202309141235/tools/bin/../lib/gcc/arm-none-eabi/11.3.1/../../../../arm-none-eabi/lib/thumb/v7-m/nofp\libc_nano.a(libc_a-findfp.o) (_fwalk_sglue)
C:/Users/ADMIN/STM32CubeIDE/workspace_1.14.1/STM32CubeIDE_1.14.0/STM32CubeIDE/plugins/com.st.stm32cube.ide.mcu.externaltools.gnu-tools-for-stm32.11.3.rel1.win32_1.1.100.202309141235/tools/bin/../lib/gcc/arm-none-eabi/11.3.1/../../../../arm-none-eabi/lib/thumb/v7-m/nofp\libc_nano.a(libc_a-stdio.o)
                              C:/Users/ADMIN/STM32CubeIDE/workspace_1.14.1/STM32CubeIDE_1.14.0/STM32CubeIDE/plugins/com.st.stm32cube.ide.mcu.externaltools.gnu-tools-for-stm32.11.3.rel1.win32_1.1.100.202309141235/tools/bin/../lib/gcc/arm-none-eabi/11.3.1/../../../../arm-none-eabi/lib/thumb/v7-m/nofp\libc_nano.a(libc_a-findfp.o) (__sread)
C:/Users/ADMIN/STM32CubeIDE/workspace_1.14.1/STM32CubeIDE_1.14.0/STM32CubeIDE/plugins/com.st.stm32cube.ide.mcu.externaltools.gnu-tools-for-stm32.11.3.rel1.win32_1.1.100.202309141235/tools/bin/../lib/gcc/arm-none-eabi/11.3.1/../../../../arm-none-eabi/lib/thumb/v7-m/nofp\libc_nano.a(libc_a-memset.o)
                              C:/Users/ADMIN/STM32CubeIDE/workspace_1.14.1/STM32CubeIDE_1.14.0/STM32CubeIDE/plugins/com.st.stm32cube.ide.mcu.externaltools.gnu-tools-for-stm32.11.3.rel1.win32_1.1.100.202309141235/tools/bin/../lib/gcc/arm-none-eabi/11.3.1/../../../../arm-none-eabi/lib/thumb/v7-m/nofp/crt0.o (memset)
C:/Users/ADMIN/STM32CubeIDE/workspace_1.14.1/STM32CubeIDE_1.14.0/STM32CubeIDE/plugins/com.st.stm32cube.ide.mcu.externaltools.gnu-tools-for-stm32.11.3.rel1.win32_1.1.100.202309141235/tools/bin/../lib/gcc/arm-none-eabi/11.3.1/../../../../arm-none-eabi/lib/thumb/v7-m/nofp\libc_nano.a(libc_a-closer.o)
                              C:/Users/ADMIN/STM32CubeIDE/workspace_1.14.1/STM32CubeIDE_1.14.0/STM32CubeIDE/plugins/com.st.stm32cube.ide.mcu.externaltools.gnu-tools-for-stm32.11.3.rel1.win32_1.1.100.202309141235/tools/bin/../lib/gcc/arm-none-eabi/11.3.1/../../../../arm-none-eabi/lib/thumb/v7-m/nofp\libc_nano.a(libc_a-stdio.o) (_close_r)
C:/Users/ADMIN/STM32CubeIDE/workspace_1.14.1/STM32CubeIDE_1.14.0/STM32CubeIDE/plugins/com.st.stm32cube.ide.mcu.externaltools.gnu-tools-for-stm32.11.3.rel1.win32_1.1.100.202309141235/tools/bin/../lib/gcc/arm-none-eabi/11.3.1/../../../../arm-none-eabi/lib/thumb/v7-m/nofp\libc_nano.a(libc_a-reent.o)
                              C:/Users/ADMIN/STM32CubeIDE/workspace_1.14.1/STM32CubeIDE_1.14.0/STM32CubeIDE/plugins/com.st.stm32cube.ide.mcu.externaltools.gnu-tools-for-stm32.11.3.rel1.win32_1.1.100.202309141235/tools/bin/../lib/gcc/arm-none-eabi/11.3.1/../../../../arm-none-eabi/lib/thumb/v7-m/nofp\libc_nano.a(libc_a-closer.o) (errno)
C:/Users/ADMIN/STM32CubeIDE/workspace_1.14.1/STM32CubeIDE_1.14.0/STM32CubeIDE/plugins/com.st.stm32cube.ide.mcu.externaltools.gnu-tools-for-stm32.11.3.rel1.win32_1.1.100.202309141235/tools/bin/../lib/gcc/arm-none-eabi/11.3.1/../../../../arm-none-eabi/lib/thumb/v7-m/nofp\libc_nano.a(libc_a-impure.o)
[...]
Memory Configuration

Name             Origin             Length             Attributes
RAM              0x0000000020000000 0x0000000000005000 xrw
FLASH            0x0000000008000000 0x0000000000010000 xr
*default*        0x0000000000000000 0xffffffffffffffff

Linker script and memory map

LOAD C:/Users/ADMIN/STM32CubeIDE/workspace_1.14.1/STM32CubeIDE_1.14.0/STM32CubeIDE/plugins/com.st.stm32cube.ide.mcu.externaltools.gnu-tools-for-stm32.11.3.rel1.win32_1.1.100.202309141235/tools/bin/../lib/gcc/arm-none-eabi/11.3.1/thumb/v7-m/nofp/crti.o
LOAD C:/Users/ADMIN/STM32CubeIDE/workspace_1.14.1/STM32CubeIDE_1.14.0/STM32CubeIDE/plugins/com.st.stm32cube.ide.mcu.externaltools.gnu-tools-for-stm32.11.3.rel1.win32_1.1.100.202309141235/tools/bin/../lib/gcc/arm-none-eabi/11.3.1/thumb/v7-m/nofp/crtbegin.o
LOAD C:/Users/ADMIN/STM32CubeIDE/workspace_1.14.1/STM32CubeIDE_1.14.0/STM32CubeIDE/plugins/com.st.stm32cube.ide.mcu.externaltools.gnu-tools-for-stm32.11.3.rel1.win32_1.1.100.202309141235/tools/bin/../lib/gcc/arm-none-eabi/11.3.1/../../../../arm-none-eabi/lib/thumb/v7-m/nofp/crt0.o
LOAD ./Core/Src/LoRa.o
LOAD ./Core/Src/dht.o
LOAD ./Core/Src/dma.o
LOAD ./Core/Src/gpio.o
LOAD ./Core/Src/iwdg.o
LOAD ./Core/Src/main.o
LOAD ./Core/Src/spi.o
LOAD ./Core/Src/stm32f1xx_hal_msp.o
LOAD ./Core/Src/stm32f1xx_hal_timebase_tim.o
LOAD ./Core/Src/stm32f1xx_it.o
LOAD ./Core/Src/syscalls.o
LOAD ./Core/Src/sysmem.o
LOAD ./Core/Src/system_stm32f1xx.o
LOAD ./Core/Src/tim.o
LOAD ./Core/Src/usart.o
LOAD ./Core/Startup/startup_stm32f103c8tx.o
LOAD ./Drivers/STM32F1xx_HAL_Driver/Src/stm32f1xx_hal.o
LOAD ./Drivers/STM32F1xx_HAL_Driver/Src/stm32f1xx_hal_cortex.o
LOAD ./Drivers/STM32F1xx_HAL_Driver/Src/stm32f1xx_hal_dma.o
LOAD ./Drivers/STM32F1xx_HAL_Driver/Src/stm32f1xx_hal_exti.o
LOAD ./Drivers/STM32F1xx_HAL_Driver/Src/stm32f1xx_hal_flash.o
LOAD ./Drivers/STM32F1xx_HAL_Driver/Src/stm32f1xx_hal_flash_ex.o
LOAD ./Drivers/STM32F1xx_HAL_Driver/Src/stm32f1xx_hal_gpio.o
LOAD ./Drivers/STM32F1xx_HAL_Driver/Src/stm32f1xx_hal_gpio_ex.o
LOAD ./Drivers/STM32F1xx_HAL_Driver/Src/stm32f1xx_hal_iwdg.o
LOAD ./Drivers/STM32F1xx_HAL_Driver/Src/stm32f1xx_hal_pwr.o
LOAD ./Drivers/STM32F1xx_HAL_Driver/Src/stm32f1xx_hal_rcc.o
LOAD ./Drivers/STM32F1xx_HAL_Driver/Src/stm32f1xx_hal_rcc_ex.o
LOAD ./Drivers/STM32F1xx_HAL_Driver/Src/stm32f1xx_hal_spi.o
LOAD ./Drivers/STM32F1xx_HAL_Driver/Src/stm32f1xx_hal_tim.o
LOAD ./Drivers/STM32F1xx_HAL_Driver/Src/stm32f1xx_hal_tim_ex.o
LOAD ./Drivers/STM32F1xx_HAL_Driver/Src/stm32f1xx_hal_uart.o
START GROUP
LOAD C:/Users/ADMIN/STM32CubeIDE/workspace_1.14.1/STM32CubeIDE_1.14.0/STM32CubeIDE/plugins/com.st.stm32cube.ide.mcu.externaltools.gnu-tools-for-stm32.11.3.rel1.win32_1.1.100.202309141235/tools/bin/../lib/gcc/arm-none-eabi/11.3.1/../../../../arm-none-eabi/lib/thumb/v7-m/nofp\libc_nano.a
LOAD C:/Users/ADMIN/STM32CubeIDE/workspace_1.14.1/STM32CubeIDE_1.14.0/STM32CubeIDE/plugins/com.st.stm32cube.ide.mcu.externaltools.gnu-tools-for-stm32.11.3.rel1.win32_1.1.100.202309141235/tools/bin/../lib/gcc/arm-none-eabi/11.3.1/../../../../arm-none-eabi/lib/thumb/v7-m/nofp\libm.a
END GROUP
START GROUP
LOAD C:/Users/ADMIN/STM32CubeIDE/workspace_1.14.1/STM32CubeIDE_1.14.0/STM32CubeIDE/plugins/com.st.stm32cube.ide.mcu.externaltools.gnu-tools-for-stm32.11.3.rel1.win32_1.1.100.202309141235/tools/bin/../lib/gcc/arm-none-eabi/11.3.1/thumb/v7-m/nofp\libgcc.a
LOAD C:/Users/ADMIN/STM32CubeIDE/workspace_1.14.1/STM32CubeIDE_1.14.0/STM32CubeIDE/plugins/com.st.stm32cube.ide.mcu.externaltools.gnu-tools-for-stm32.11.3.rel1.win32_1.1.100.202309141235/tools/bin/../lib/gcc/arm-none-eabi/11.3.1/../../../../arm-none-eabi/lib/thumb/v7-m/nofp\libc_nano.a
END GROUP
START GROUP
LOAD C:/Users/ADMIN/STM32CubeIDE/workspace_1.14.1/STM32CubeIDE_1.14.0/STM32CubeIDE/plugins/com.st.stm32cube.ide.mcu.externaltools.gnu-tools-for-stm32.11.3.rel1.win32_1.1.100.202309141235/tools/bin/../lib/gcc/arm-none-eabi/11.3.1/thumb/v7-m/nofp\libgcc.a
LOAD C:/Users/ADMIN/STM32CubeIDE/workspace_1.14.1/STM32CubeIDE_1.14.0/STM32CubeIDE/plugins/com.st.stm32cube.ide.mcu.externaltools.gnu-tools-for-stm32.11.3.rel1.win32_1.1.100.202309141235/tools/bin/../lib/gcc/arm-none-eabi/11.3.1/../../../../arm-none-eabi/lib/thumb/v7-m/nofp\libc_nano.a
LOAD C:/Users/ADMIN/STM32CubeIDE/workspace_1.14.1/STM32CubeIDE_1.14.0/STM32CubeIDE/plugins/com.st.stm32cube.ide.mcu.externaltools.gnu-tools-for-stm32.11.3.rel1.win32_1.1.100.202309141235/tools/bin/../lib/gcc/arm-none-eabi/11.3.1/../../../../arm-none-eabi/lib/thumb/v7-m/nofp\libnosys.a
END GROUP
START GROUP
LOAD C:/Users/ADMIN/STM32CubeIDE/workspace_1.14.1/STM32CubeIDE_1.14.0/STM32CubeIDE/plugins/com.st.stm32cube.ide.mcu.externaltools.gnu-tools-for-stm32.11.3.rel1.win32_1.1.100.202309141235/tools/bin/../lib/gcc/arm-none-eabi/11.3.1/thumb/v7-m/nofp\libgcc.a
LOAD C:/Users/ADMIN/STM32CubeIDE/workspace_1.14.1/STM32CubeIDE_1.14.0/STM32CubeIDE/plugins/com.st.stm32cube.ide.mcu.externaltools.gnu-tools-for-stm32.11.3.rel1.win32_1.1.100.202309141235/tools/bin/../lib/gcc/arm-none-eabi/11.3.1/../../../../arm-none-eabi/lib/thumb/v7-m/nofp\libc_nano.a
LOAD C:/Users/ADMIN/STM32CubeIDE/workspace_1.14.1/STM32CubeIDE_1.14.0/STM32CubeIDE/plugins/com.st.stm32cube.ide.mcu.externaltools.gnu-tools-for-stm32.11.3.rel1.win32_1.1.100.202309141235/tools/bin/../lib/gcc/arm-none-eabi/11.3.1/../../../../arm-none-eabi/lib/thumb/v7-m/nofp\libnosys.a
END GROUP
LOAD C:/Users/ADMIN/STM32CubeIDE/workspace_1.14.1/STM32CubeIDE_1.14.0/STM32CubeIDE/plugins/com.st.stm32cube.ide.mcu.externaltools.gnu-tools-for-stm32.11.3.rel1.win32_1.1.100.202309141235/tools/bin/../lib/gcc/arm-none-eabi/11.3.1/thumb/v7-m/nofp/crtend.o
LOAD C:/Users/ADMIN/STM32CubeIDE/workspace_1.14.1/STM32CubeIDE_1.14.0/STM32CubeIDE/plugins/com.st.stm32cube.ide.mcu.externaltools.gnu-tools-for-stm32.11.3.rel1.win32_1.1.100.202309141235/tools/bin/../lib/gcc/arm-none-eabi/11.3.1/thumb/v7-m/nofp/crtn.o
                0x0000000020005000                _estack = (ORIGIN (RAM) + LENGTH (RAM))
                0x0000000000000200                _Min_Heap_Size = 0x200
                0x0000000000000400                _Min_Stack_Size = 0x400

.isr_vector     0x0000000008000000      0x10c
                0x0000000008000000                . = ALIGN (0x4)
 *(.isr_vector)
 .isr_vector    0x0000000008000000      0x10c ./Core/Startup/startup_stm32f103c8tx.o
                0x0000000008000000                g_pfnVectors
                0x000000000800010c                . = ALIGN (0x4)

.text           0x000000000800010c     0x4a74
                0x000000000800010c                . = ALIGN (0x4)
 *(.text)
 .text          0x000000000800010c       0x40 C:/Users/ADMIN/STM32CubeIDE/workspace_1.14.1/STM32CubeIDE_1.14.0/STM32CubeIDE/plugins/com.st.stm32cube.ide.mcu.externaltools.gnu-tools-for-stm32.11.3.rel1.win32_1.1.100.202309141235/tools/bin/../lib/gcc/arm-none-eabi/11.3.1/thumb/v7-m/nofp/crtbegin.o
 *(.text*)
 .text.newLoRa  0x000000000800014c       0x52 ./Core/Src/LoRa.o
                0x000000000800014c                newLoRa
 .text.LoRa_gotoMode
                0x000000000800019e       0xc2 ./Core/Src/LoRa.o
                0x000000000800019e                LoRa_gotoMode
 .text.LoRa_readReg
                0x0000000008000260       0x7c ./Core/Src/LoRa.o
                0x0000000008000260                LoRa_readReg
 .text.LoRa_writeReg
                0x00000000080002dc       0x7c ./Core/Src/LoRa.o
                0x00000000080002dc                LoRa_writeReg
 .text.LoRa_setFrequency
                0x0000000008000358       0x60 ./Core/Src/LoRa.o
                0x0000000008000358                LoRa_setFrequency
 .text.LoRa_setSpreadingFactor
                0x00000000080003b8       0x5e ./Core/Src/LoRa.o
                0x00000000080003b8                LoRa_setSpreadingFactor
 .text.LoRa_setPower
                0x0000000008000416       0x26 ./Core/Src/LoRa.o
                0x0000000008000416                LoRa_setPower
 .text.LoRa_setOCP
                0x000000000800043c       0x7c ./Core/Src/LoRa.o
                0x000000000800043c                LoRa_setOCP
 .text.LoRa_setTOMsb_setCRCon
                0x00000000080004b8       0x36 ./Core/Src/LoRa.o
                0x00000000080004b8                LoRa_setTOMsb_setCRCon
 .text.LoRa_read
                0x00000000080004ee       0x34 ./Core/Src/LoRa.o
                0x00000000080004ee                LoRa_read
 .text.LoRa_write
                0x0000000008000522       0x3a ./Core/Src/LoRa.o
                0x0000000008000522                LoRa_write
 .text.LoRa_BurstWrite
                0x000000000800055c       0x8e ./Core/Src/LoRa.o
                0x000000000800055c                LoRa_BurstWrite
 .text.LoRa_isvalid
                0x00000000080005ea       0x14 ./Core/Src/LoRa.o
                0x00000000080005ea                LoRa_isvalid
 .text.LoRa_transmit
                0x00000000080005fe       0xb0 ./Core/Src/LoRa.o
                0x00000000080005fe                LoRa_transmit
 .text.LoRa_startReceiving
                0x00000000080006ae       0x18 ./Core/Src/LoRa.o
                0x00000000080006ae                LoRa_startReceiving
 .text.LoRa_receive
                0x00000000080006c6       0xc0 ./Core/Src/LoRa.o
                0x00000000080006c6                LoRa_receive
 .text.LoRa_init
                0x0000000008000786      0x148 ./Core/Src/LoRa.o
                0x0000000008000786                LoRa_init
 *fill*         0x00000000080008ce        0x2 
 .text.MX_DMA_Init
                0x00000000080008d0       0x3c ./Core/Src/dma.o
                0x00000000080008d0                MX_DMA_Init
 .text.MX_GPIO_Init
                0x000000000800090c      0x174 ./Core/Src/gpio.o
                0x000000000800090c                MX_GPIO_Init
 .text.MX_IWDG_Init
                0x0000000008000a80       0x34 ./Core/Src/iwdg.o
                0x0000000008000a80                MX_IWDG_Init
 .text.main     0x0000000008000ab4      0x170 ./Core/Src/main.o
                0x0000000008000ab4                main
 .text.SystemClock_Config
                0x0000000008000c24       0x8e ./Core/Src/main.o
                0x0000000008000c24                SystemClock_Config
 *fill*         0x0000000008000cb2        0x2 
 .text.HAL_GPIO_EXTI_Callback
                0x0000000008000cb4       0x64 ./Core/Src/main.o
                0x0000000008000cb4                HAL_GPIO_EXTI_Callback
 .text.HAL_TIM_PeriodElapsedCallback
                0x0000000008000d18       0x24 ./Core/Src/main.o
                0x0000000008000d18                HAL_TIM_PeriodElapsedCallback
 .text.Error_Handler
                0x0000000008000d3c        0xa ./Core/Src/main.o
                0x0000000008000d3c                Error_Handler
 *fill*         0x0000000008000d46        0x2 
 .text.MX_SPI1_Init
                0x0000000008000d48       0x6c ./Core/Src/spi.o
                0x0000000008000d48                MX_SPI1_Init
 .text.HAL_SPI_MspInit
                0x0000000008000db4       0x94 ./Core/Src/spi.o
                0x0000000008000db4                HAL_SPI_MspInit
 .text.HAL_MspInit
                0x0000000008000e48       0x64 ./Core/Src/stm32f1xx_hal_msp.o
                0x0000000008000e48                HAL_MspInit
 .text.HAL_InitTick
                0x0000000008000eac       0xfc ./Core/Src/stm32f1xx_hal_timebase_tim.o
                0x0000000008000eac                HAL_InitTick
 .text.NMI_Handler
                0x0000000008000fa8        0x6 ./Core/Src/stm32f1xx_it.o
                0x0000000008000fa8                NMI_Handler
 .text.HardFault_Handler
                0x0000000008000fae        0x6 ./Core/Src/stm32f1xx_it.o
                0x0000000008000fae                HardFault_Handler
 .text.MemManage_Handler
                0x0000000008000fb4        0x6 ./Core/Src/stm32f1xx_it.o
                0x0000000008000fb4                MemManage_Handler
 .text.BusFault_Handler
                0x0000000008000fba        0x6 ./Core/Src/stm32f1xx_it.o
                0x0000000008000fba                BusFault_Handler
 .text.UsageFault_Handler
                0x0000000008000fc0        0x6 ./Core/Src/stm32f1xx_it.o
                0x0000000008000fc0                UsageFault_Handler
 .text.SVC_Handler
                0x0000000008000fc6        0xc ./Core/Src/stm32f1xx_it.o
                0x0000000008000fc6                SVC_Handler
 .text.DebugMon_Handler
                0x0000000008000fd2        0xc ./Core/Src/stm32f1xx_it.o
                0x0000000008000fd2                DebugMon_Handler
 .text.PendSV_Handler
                0x0000000008000fde        0xc ./Core/Src/stm32f1xx_it.o
                0x0000000008000fde                PendSV_Handler
 .text.SysTick_Handler
                0x0000000008000fea        0xc ./Core/Src/stm32f1xx_it.o
                0x0000000008000fea                SysTick_Handler
 *fill*         0x0000000008000ff6        0x2 
 .text.DMA1_Channel5_IRQHandler
                0x0000000008000ff8       0x14 ./Core/Src/stm32f1xx_it.o
                0x0000000008000ff8                DMA1_Channel5_IRQHandler
 .text.TIM3_IRQHandler
                0x000000000800100c       0x14 ./Core/Src/stm32f1xx_it.o
                0x000000000800100c                TIM3_IRQHandler
 .text.USART1_IRQHandler
                0x0000000008001020       0x14 ./Core/Src/stm32f1xx_it.o
                0x0000000008001020                USART1_IRQHandler
 .text.EXTI15_10_IRQHandler
                0x0000000008001034       0x10 ./Core/Src/stm32f1xx_it.o
                0x0000000008001034                EXTI15_10_IRQHandler
 .text.SystemInit
                0x0000000008001044        0xc ./Core/Src/system_stm32f1xx.o
                0x0000000008001044                SystemInit
 .text.MX_TIM1_Init
                0x0000000008001050       0xa0 ./Core/Src/tim.o
                0x0000000008001050                MX_TIM1_Init
 .text.HAL_TIM_Base_MspInit
                0x00000000080010f0       0x3c ./Core/Src/tim.o
                0x00000000080010f0                HAL_TIM_Base_MspInit
 .text.MX_USART1_UART_Init
                0x000000000800112c       0x54 ./Core/Src/usart.o
                0x000000000800112c                MX_USART1_UART_Init
 .text.HAL_UART_MspInit
                0x0000000008001180       0xfc ./Core/Src/usart.o
                0x0000000008001180                HAL_UART_MspInit
 .text.Reset_Handler
                0x000000000800127c       0x48 ./Core/Startup/startup_stm32f103c8tx.o
                0x000000000800127c                Reset_Handler
 .text.Default_Handler
                0x00000000080012c4        0x2 ./Core/Startup/startup_stm32f103c8tx.o
                0x00000000080012c4                RTC_Alarm_IRQHandler
                0x00000000080012c4                EXTI2_IRQHandler
                0x00000000080012c4                TIM1_CC_IRQHandler
                0x00000000080012c4                PVD_IRQHandler
                0x00000000080012c4                EXTI3_IRQHandler
                0x00000000080012c4                EXTI0_IRQHandler
                0x00000000080012c4                I2C2_EV_IRQHandler
                0x00000000080012c4                ADC1_2_IRQHandler
                0x00000000080012c4                SPI1_IRQHandler
                0x00000000080012c4                TAMPER_IRQHandler
                0x00000000080012c4                DMA1_Channel4_IRQHandler
                0x00000000080012c4                USART3_IRQHandler
                0x00000000080012c4                RTC_IRQHandler
                0x00000000080012c4                DMA1_Channel7_IRQHandler
                0x00000000080012c4                CAN1_RX1_IRQHandler
                0x00000000080012c4                TIM4_IRQHandler
                0x00000000080012c4                I2C1_EV_IRQHandler
                0x00000000080012c4                DMA1_Channel6_IRQHandler
                0x00000000080012c4                RCC_IRQHandler
                0x00000000080012c4                TIM1_TRG_COM_IRQHandler
                0x00000000080012c4                DMA1_Channel1_IRQHandler
                0x00000000080012c4                Default_Handler
                0x00000000080012c4                EXTI9_5_IRQHandler
                0x00000000080012c4                SPI2_IRQHandler
                0x00000000080012c4                EXTI4_IRQHandler
                0x00000000080012c4                USB_LP_CAN1_RX0_IRQHandler
                0x00000000080012c4                USB_HP_CAN1_TX_IRQHandler
                0x00000000080012c4                DMA1_Channel3_IRQHandler
                0x00000000080012c4                TIM1_UP_IRQHandler
                0x00000000080012c4                WWDG_IRQHandler
                0x00000000080012c4                TIM2_IRQHandler
                0x00000000080012c4                TIM1_BRK_IRQHandler
                0x00000000080012c4                EXTI1_IRQHandler
                0x00000000080012c4                USART2_IRQHandler
                0x00000000080012c4                I2C2_ER_IRQHandler
                0x00000000080012c4                DMA1_Channel2_IRQHandler
                0x00000000080012c4                CAN1_SCE_IRQHandler
                0x00000000080012c4                FLASH_IRQHandler
                0x00000000080012c4                I2C1_ER_IRQHandler
                0x00000000080012c4                USBWakeUp_IRQHandler
 *fill*         0x00000000080012c6        0x2 
 .text.HAL_Init
                0x00000000080012c8       0x2c ./Drivers/STM32F1xx_HAL_Driver/Src/stm32f1xx_hal.o
                0x00000000080012c8                HAL_Init
 .text.HAL_IncTick
                0x00000000080012f4       0x24 ./Drivers/STM32F1xx_HAL_Driver/Src/stm32f1xx_hal.o
                0x00000000080012f4                HAL_IncTick
 .text.HAL_GetTick
                0x0000000008001318       0x14 ./Drivers/STM32F1xx_HAL_Driver/Src/stm32f1xx_hal.o
                0x0000000008001318                HAL_GetTick
 .text.HAL_Delay
                0x000000000800132c       0x48 ./Drivers/STM32F1xx_HAL_Driver/Src/stm32f1xx_hal.o
                0x000000000800132c                HAL_Delay
 .text.__NVIC_SetPriorityGrouping
                0x0000000008001374       0x48 ./Drivers/STM32F1xx_HAL_Driver/Src/stm32f1xx_hal_cortex.o
 .text.__NVIC_GetPriorityGrouping
                0x00000000080013bc       0x1c ./Drivers/STM32F1xx_HAL_Driver/Src/stm32f1xx_hal_cortex.o
 .text.__NVIC_EnableIRQ
                0x00000000080013d8       0x38 ./Drivers/STM32F1xx_HAL_Driver/Src/stm32f1xx_hal_cortex.o
 .text.__NVIC_SetPriority
                0x0000000008001410       0x54 ./Drivers/STM32F1xx_HAL_Driver/Src/stm32f1xx_hal_cortex.o
 .text.NVIC_EncodePriority
                0x0000000008001464       0x64 ./Drivers/STM32F1xx_HAL_Driver/Src/stm32f1xx_hal_cortex.o
 .text.HAL_NVIC_SetPriorityGrouping
                0x00000000080014c8       0x16 ./Drivers/STM32F1xx_HAL_Driver/Src/stm32f1xx_hal_cortex.o
                0x00000000080014c8                HAL_NVIC_SetPriorityGrouping
 .text.HAL_NVIC_SetPriority
                0x00000000080014de       0x38 ./Drivers/STM32F1xx_HAL_Driver/Src/stm32f1xx_hal_cortex.o
                0x00000000080014de                HAL_NVIC_SetPriority
 .text.HAL_NVIC_EnableIRQ
                0x0000000008001516       0x1c ./Drivers/STM32F1xx_HAL_Driver/Src/stm32f1xx_hal_cortex.o
                0x0000000008001516                HAL_NVIC_EnableIRQ
 *fill*         0x0000000008001532        0x2 
 .text.HAL_DMA_Init
                0x0000000008001534       0xb4 ./Drivers/STM32F1xx_HAL_Driver/Src/stm32f1xx_hal_dma.o
                0x0000000008001534                HAL_DMA_Init
 .text.HAL_DMA_Start_IT
                0x00000000080015e8       0xc0 ./Drivers/STM32F1xx_HAL_Driver/Src/stm32f1xx_hal_dma.o
                0x00000000080015e8                HAL_DMA_Start_IT
 .text.HAL_DMA_Abort
                0x00000000080016a8       0x76 ./Drivers/STM32F1xx_HAL_Driver/Src/stm32f1xx_hal_dma.o
                0x00000000080016a8                HAL_DMA_Abort
 *fill*         0x000000000800171e        0x2 
 .text.HAL_DMA_Abort_IT
                0x0000000008001720       0xf0 ./Drivers/STM32F1xx_HAL_Driver/Src/stm32f1xx_hal_dma.o
                0x0000000008001720                HAL_DMA_Abort_IT
 .text.HAL_DMA_IRQHandler
                0x0000000008001810      0x20c ./Drivers/STM32F1xx_HAL_Driver/Src/stm32f1xx_hal_dma.o
                0x0000000008001810                HAL_DMA_IRQHandler
 .text.DMA_SetConfig
                0x0000000008001a1c       0x5a ./Drivers/STM32F1xx_HAL_Driver/Src/stm32f1xx_hal_dma.o
 *fill*         0x0000000008001a76        0x2 
 .text.HAL_GPIO_Init
                0x0000000008001a78      0x308 ./Drivers/STM32F1xx_HAL_Driver/Src/stm32f1xx_hal_gpio.o
                0x0000000008001a78                HAL_GPIO_Init
 .text.HAL_GPIO_WritePin
                0x0000000008001d80       0x30 ./Drivers/STM32F1xx_HAL_Driver/Src/stm32f1xx_hal_gpio.o
                0x0000000008001d80                HAL_GPIO_WritePin
 .text.HAL_GPIO_TogglePin
                0x0000000008001db0       0x32 ./Drivers/STM32F1xx_HAL_Driver/Src/stm32f1xx_hal_gpio.o
                0x0000000008001db0                HAL_GPIO_TogglePin
 *fill*         0x0000000008001de2        0x2 
 .text.HAL_GPIO_EXTI_IRQHandler
                0x0000000008001de4       0x30 ./Drivers/STM32F1xx_HAL_Driver/Src/stm32f1xx_hal_gpio.o
                0x0000000008001de4                HAL_GPIO_EXTI_IRQHandler
 .text.HAL_IWDG_Init
                0x0000000008001e14       0x84 ./Drivers/STM32F1xx_HAL_Driver/Src/stm32f1xx_hal_iwdg.o
                0x0000000008001e14                HAL_IWDG_Init
 .text.HAL_IWDG_Refresh
                0x0000000008001e98       0x1e ./Drivers/STM32F1xx_HAL_Driver/Src/stm32f1xx_hal_iwdg.o
                0x0000000008001e98                HAL_IWDG_Refresh
 *fill*         0x0000000008001eb6        0x2 
 .text.HAL_RCC_OscConfig
                0x0000000008001eb8      0x504 ./Drivers/STM32F1xx_HAL_Driver/Src/stm32f1xx_hal_rcc.o
                0x0000000008001eb8                HAL_RCC_OscConfig
 .text.HAL_RCC_ClockConfig
                0x00000000080023bc      0x1d4 ./Drivers/STM32F1xx_HAL_Driver/Src/stm32f1xx_hal_rcc.o
                0x00000000080023bc                HAL_RCC_ClockConfig
 .text.HAL_RCC_GetSysClockFreq
                0x0000000008002590       0xa8 ./Drivers/STM32F1xx_HAL_Driver/Src/stm32f1xx_hal_rcc.o
                0x0000000008002590                HAL_RCC_GetSysClockFreq
 .text.HAL_RCC_GetHCLKFreq
                0x0000000008002638       0x14 ./Drivers/STM32F1xx_HAL_Driver/Src/stm32f1xx_hal_rcc.o
                0x0000000008002638                HAL_RCC_GetHCLKFreq
 .text.HAL_RCC_GetPCLK1Freq
                0x000000000800264c       0x28 ./Drivers/STM32F1xx_HAL_Driver/Src/stm32f1xx_hal_rcc.o
                0x000000000800264c                HAL_RCC_GetPCLK1Freq
 .text.HAL_RCC_GetPCLK2Freq
                0x0000000008002674       0x28 ./Drivers/STM32F1xx_HAL_Driver/Src/stm32f1xx_hal_rcc.o
                0x0000000008002674                HAL_RCC_GetPCLK2Freq
 .text.HAL_RCC_GetClockConfig
                0x000000000800269c       0x60 ./Drivers/STM32F1xx_HAL_Driver/Src/stm32f1xx_hal_rcc.o
                0x000000000800269c                HAL_RCC_GetClockConfig
 .text.RCC_Delay
                0x00000000080026fc       0x3c ./Drivers/STM32F1xx_HAL_Driver/Src/stm32f1xx_hal_rcc.o
 .text.HAL_SPI_Init
                0x0000000008002738      0x108 ./Drivers/STM32F1xx_HAL_Driver/Src/stm32f1xx_hal_spi.o
                0x0000000008002738                HAL_SPI_Init
 .text.HAL_SPI_Transmit
                0x0000000008002840      0x286 ./Drivers/STM32F1xx_HAL_Driver/Src/stm32f1xx_hal_spi.o
                0x0000000008002840                HAL_SPI_Transmit
 .text.HAL_SPI_Receive
                0x0000000008002ac6      0x230 ./Drivers/STM32F1xx_HAL_Driver/Src/stm32f1xx_hal_spi.o
                0x0000000008002ac6                HAL_SPI_Receive
 .text.HAL_SPI_TransmitReceive
                0x0000000008002cf6      0x360 ./Drivers/STM32F1xx_HAL_Driver/Src/stm32f1xx_hal_spi.o
                0x0000000008002cf6                HAL_SPI_TransmitReceive
 .text.HAL_SPI_GetState
                0x0000000008003056       0x1a ./Drivers/STM32F1xx_HAL_Driver/Src/stm32f1xx_hal_spi.o
                0x0000000008003056                HAL_SPI_GetState
 .text.SPI_WaitFlagStateUntilTimeout
                0x0000000008003070      0x110 ./Drivers/STM32F1xx_HAL_Driver/Src/stm32f1xx_hal_spi.o
 .text.SPI_EndRxTransaction
                0x0000000008003180       0xa4 ./Drivers/STM32F1xx_HAL_Driver/Src/stm32f1xx_hal_spi.o
 .text.SPI_EndRxTxTransaction
                0x0000000008003224       0x3c ./Drivers/STM32F1xx_HAL_Driver/Src/stm32f1xx_hal_spi.o
 .text.HAL_TIM_Base_Init
                0x0000000008003260       0x9e ./Drivers/STM32F1xx_HAL_Driver/Src/stm32f1xx_hal_tim.o
                0x0000000008003260                HAL_TIM_Base_Init
 *fill*         0x00000000080032fe        0x2 
 .text.HAL_TIM_Base_Start
                0x0000000008003300       0x94 ./Drivers/STM32F1xx_HAL_Driver/Src/stm32f1xx_hal_tim.o
                0x0000000008003300                HAL_TIM_Base_Start
 .text.HAL_TIM_Base_Start_IT
                0x0000000008003394       0xa4 ./Drivers/STM32F1xx_HAL_Driver/Src/stm32f1xx_hal_tim.o
                0x0000000008003394                HAL_TIM_Base_Start_IT
 .text.HAL_TIM_IRQHandler
                0x0000000008003438      0x210 ./Drivers/STM32F1xx_HAL_Driver/Src/stm32f1xx_hal_tim.o
                0x0000000008003438                HAL_TIM_IRQHandler
 .text.HAL_TIM_ConfigClockSource
                0x0000000008003648      0x18e ./Drivers/STM32F1xx_HAL_Driver/Src/stm32f1xx_hal_tim.o
                0x0000000008003648                HAL_TIM_ConfigClockSource
 .text.HAL_TIM_OC_DelayElapsedCallback
                0x00000000080037d6       0x12 ./Drivers/STM32F1xx_HAL_Driver/Src/stm32f1xx_hal_tim.o
                0x00000000080037d6                HAL_TIM_OC_DelayElapsedCallback
 .text.HAL_TIM_IC_CaptureCallback
                0x00000000080037e8       0x12 ./Drivers/STM32F1xx_HAL_Driver/Src/stm32f1xx_hal_tim.o
                0x00000000080037e8                HAL_TIM_IC_CaptureCallback
 .text.HAL_TIM_PWM_PulseFinishedCallback
                0x00000000080037fa       0x12 ./Drivers/STM32F1xx_HAL_Driver/Src/stm32f1xx_hal_tim.o
                0x00000000080037fa                HAL_TIM_PWM_PulseFinishedCallback
 .text.HAL_TIM_TriggerCallback
                0x000000000800380c       0x12 ./Drivers/STM32F1xx_HAL_Driver/Src/stm32f1xx_hal_tim.o
                0x000000000800380c                HAL_TIM_TriggerCallback
 *fill*         0x000000000800381e        0x2 
 .text.TIM_Base_SetConfig
                0x0000000008003820       0xc4 ./Drivers/STM32F1xx_HAL_Driver/Src/stm32f1xx_hal_tim.o
                0x0000000008003820                TIM_Base_SetConfig
 .text.TIM_TI1_ConfigInputStage
                0x00000000080038e4       0x5c ./Drivers/STM32F1xx_HAL_Driver/Src/stm32f1xx_hal_tim.o
 .text.TIM_TI2_ConfigInputStage
                0x0000000008003940       0x5e ./Drivers/STM32F1xx_HAL_Driver/Src/stm32f1xx_hal_tim.o
 .text.TIM_ITRx_SetConfig
                0x000000000800399e       0x34 ./Drivers/STM32F1xx_HAL_Driver/Src/stm32f1xx_hal_tim.o
 .text.TIM_ETR_SetConfig
                0x00000000080039d2       0x3e ./Drivers/STM32F1xx_HAL_Driver/Src/stm32f1xx_hal_tim.o
                0x00000000080039d2                TIM_ETR_SetConfig
 .text.HAL_TIMEx_MasterConfigSynchronization
                0x0000000008003a10       0xbc ./Drivers/STM32F1xx_HAL_Driver/Src/stm32f1xx_hal_tim_ex.o
                0x0000000008003a10                HAL_TIMEx_MasterConfigSynchronization
 .text.HAL_TIMEx_CommutCallback
                0x0000000008003acc       0x12 ./Drivers/STM32F1xx_HAL_Driver/Src/stm32f1xx_hal_tim_ex.o
                0x0000000008003acc                HAL_TIMEx_CommutCallback
 .text.HAL_TIMEx_BreakCallback
                0x0000000008003ade       0x12 ./Drivers/STM32F1xx_HAL_Driver/Src/stm32f1xx_hal_tim_ex.o
                0x0000000008003ade                HAL_TIMEx_BreakCallback
 .text.HAL_UART_Init
                0x0000000008003af0       0xa0 ./Drivers/STM32F1xx_HAL_Driver/Src/stm32f1xx_hal_uart.o
                0x0000000008003af0                HAL_UART_Init
 .text.HAL_UART_Transmit
                0x0000000008003b90      0x106 ./Drivers/STM32F1xx_HAL_Driver/Src/stm32f1xx_hal_uart.o
                0x0000000008003b90                HAL_UART_Transmit
 .text.HAL_UART_Receive_DMA
                0x0000000008003c96       0x4a ./Drivers/STM32F1xx_HAL_Driver/Src/stm32f1xx_hal_uart.o
                0x0000000008003c96                HAL_UART_Receive_DMA
 .text.HAL_UART_IRQHandler
                0x0000000008003ce0      0x524 ./Drivers/STM32F1xx_HAL_Driver/Src/stm32f1xx_hal_uart.o
                0x0000000008003ce0                HAL_UART_IRQHandler
 .text.HAL_UART_TxCpltCallback
                0x0000000008004204       0x12 ./Drivers/STM32F1xx_HAL_Driver/Src/stm32f1xx_hal_uart.o
                0x0000000008004204                HAL_UART_TxCpltCallback
 .text.HAL_UART_RxCpltCallback
                0x0000000008004216       0x12 ./Drivers/STM32F1xx_HAL_Driver/Src/stm32f1xx_hal_uart.o
                0x0000000008004216                HAL_UART_RxCpltCallback
 .text.HAL_UART_RxHalfCpltCallback
                0x0000000008004228       0x12 ./Drivers/STM32F1xx_HAL_Driver/Src/stm32f1xx_hal_uart.o
                0x0000000008004228                HAL_UART_RxHalfCpltCallback
 .text.HAL_UART_ErrorCallback
                0x000000000800423a       0x12 ./Drivers/STM32F1xx_HAL_Driver/Src/stm32f1xx_hal_uart.o
                0x000000000800423a                HAL_UART_ErrorCallback
 .text.HAL_UARTEx_RxEventCallback
                0x000000000800424c       0x16 ./Drivers/STM32F1xx_HAL_Driver/Src/stm32f1xx_hal_uart.o
                0x000000000800424c                HAL_UARTEx_RxEventCallback
 .text.UART_DMAReceiveCplt
                0x0000000008004262      0x12c ./Drivers/STM32F1xx_HAL_Driver/Src/stm32f1xx_hal_uart.o
 .text.UART_DMARxHalfCplt
                0x000000000800438e       0x3c ./Drivers/STM32F1xx_HAL_Driver/Src/stm32f1xx_hal_uart.o
 .text.UART_DMAError
                0x00000000080043ca       0x94 ./Drivers/STM32F1xx_HAL_Driver/Src/stm32f1xx_hal_uart.o
 .text.UART_WaitOnFlagUntilTimeout
                0x000000000800445e       0xdc ./Drivers/STM32F1xx_HAL_Driver/Src/stm32f1xx_hal_uart.o
 *fill*         0x000000000800453a        0x2 
 .text.UART_Start_Receive_DMA
                0x000000000800453c      0x134 ./Drivers/STM32F1xx_HAL_Driver/Src/stm32f1xx_hal_uart.o
                0x000000000800453c                UART_Start_Receive_DMA
 .text.UART_EndTxTransfer
                0x0000000008004670       0x4e ./Drivers/STM32F1xx_HAL_Driver/Src/stm32f1xx_hal_uart.o
 .text.UART_EndRxTransfer
                0x00000000080046be       0xc4 ./Drivers/STM32F1xx_HAL_Driver/Src/stm32f1xx_hal_uart.o
 .text.UART_DMAAbortOnError
                0x0000000008004782       0x28 ./Drivers/STM32F1xx_HAL_Driver/Src/stm32f1xx_hal_uart.o
 .text.UART_Transmit_IT
                0x00000000080047aa       0x9e ./Drivers/STM32F1xx_HAL_Driver/Src/stm32f1xx_hal_uart.o
 .text.UART_EndTransmit_IT
                0x0000000008004848       0x30 ./Drivers/STM32F1xx_HAL_Driver/Src/stm32f1xx_hal_uart.o
 .text.UART_Receive_IT
                0x0000000008004878      0x17c ./Drivers/STM32F1xx_HAL_Driver/Src/stm32f1xx_hal_uart.o
 .text.UART_SetConfig
                0x00000000080049f4      0x11c ./Drivers/STM32F1xx_HAL_Driver/Src/stm32f1xx_hal_uart.o
 .text.memset   0x0000000008004b10       0x10 C:/Users/ADMIN/STM32CubeIDE/workspace_1.14.1/STM32CubeIDE_1.14.0/STM32CubeIDE/plugins/com.st.stm32cube.ide.mcu.externaltools.gnu-tools-for-stm32.11.3.rel1.win32_1.1.100.202309141235/tools/bin/../lib/gcc/arm-none-eabi/11.3.1/../../../../arm-none-eabi/lib/thumb/v7-m/nofp\libc_nano.a(libc_a-memset.o)
                0x0000000008004b10                memset
 .text.__libc_init_array
                0x0000000008004b20       0x48 C:/Users/ADMIN/STM32CubeIDE/workspace_1.14.1/STM32CubeIDE_1.14.0/STM32CubeIDE/plugins/com.st.stm32cube.ide.mcu.externaltools.gnu-tools-for-stm32.11.3.rel1.win32_1.1.100.202309141235/tools/bin/../lib/gcc/arm-none-eabi/11.3.1/../../../../arm-none-eabi/lib/thumb/v7-m/nofp\libc_nano.a(libc_a-init.o)
                0x0000000008004b20                __libc_init_array
 *(.glue_7)
 .glue_7        0x0000000008004b68        0x0 linker stubs
 *(.glue_7t)
 .glue_7t       0x0000000008004b68        0x0 linker stubs
 *(.eh_frame)
 .eh_frame      0x0000000008004b68        0x0 C:/Users/ADMIN/STM32CubeIDE/workspace_1.14.1/STM32CubeIDE_1.14.0/STM32CubeIDE/plugins/com.st.stm32cube.ide.mcu.externaltools.gnu-tools-for-stm32.11.3.rel1.win32_1.1.100.202309141235/tools/bin/../lib/gcc/arm-none-eabi/11.3.1/thumb/v7-m/nofp/crtbegin.o
 *(.init)
 .init          0x0000000008004b68        0x4 C:/Users/ADMIN/STM32CubeIDE/workspace_1.14.1/STM32CubeIDE_1.14.0/STM32CubeIDE/plugins/com.st.stm32cube.ide.mcu.externaltools.gnu-tools-for-stm32.11.3.rel1.win32_1.1.100.202309141235/tools/bin/../lib/gcc/arm-none-eabi/11.3.1/thumb/v7-m/nofp/crti.o
                0x0000000008004b68                _init
 .init          0x0000000008004b6c        0x8 C:/Users/ADMIN/STM32CubeIDE/workspace_1.14.1/STM32CubeIDE_1.14.0/STM32CubeIDE/plugins/com.st.stm32cube.ide.mcu.externaltools.gnu-tools-for-stm32.11.3.rel1.win32_1.1.100.202309141235/tools/bin/../lib/gcc/arm-none-eabi/11.3.1/thumb/v7-m/nofp/crtn.o
 *(.fini)
 .fini          0x0000000008004b74        0x4 C:/Users/ADMIN/STM32CubeIDE/workspace_1.14.1/STM32CubeIDE_1.14.0/STM32CubeIDE/plugins/com.st.stm32cube.ide.mcu.externaltools.gnu-tools-for-stm32.11.3.rel1.win32_1.1.100.202309141235/tools/bin/../lib/gcc/arm-none-eabi/11.3.1/thumb/v7-m/nofp/crti.o
                0x0000000008004b74                _fini
 .fini          0x0000000008004b78        0x8 C:/Users/ADMIN/STM32CubeIDE/workspace_1.14.1/STM32CubeIDE_1.14.0/STM32CubeIDE/plugins/com.st.stm32cube.ide.mcu.externaltools.gnu-tools-for-stm32.11.3.rel1.win32_1.1.100.202309141235/tools/bin/../lib/gcc/arm-none-eabi/11.3.1/thumb/v7-m/nofp/crtn.o
                0x0000000008004b80                . = ALIGN (0x4)
                0x0000000008004b80                _etext = .

.vfp11_veneer   0x0000000008004b80        0x0
 .vfp11_veneer  0x0000000008004b80        0x0 linker stubs

.v4_bx          0x0000000008004b80        0x0
 .v4_bx         0x0000000008004b80        0x0 linker stubs

.iplt           0x0000000008004b80        0x0
 .iplt          0x0000000008004b80        0x0 C:/Users/ADMIN/STM32CubeIDE/workspace_1.14.1/STM32CubeIDE_1.14.0/STM32CubeIDE/plugins/com.st.stm32cube.ide.mcu.externaltools.gnu-tools-for-stm32.11.3.rel1.win32_1.1.100.202309141235/tools/bin/../lib/gcc/arm-none-eabi/11.3.1/thumb/v7-m/nofp/crtbegin.o

.rodata         0x0000000008004b80       0x2c
                0x0000000008004b80                . = ALIGN (0x4)
 *(.rodata)
 *(.rodata*)
 .rodata.AHBPrescTable
                0x0000000008004b80       0x10 ./Core/Src/system_stm32f1xx.o
                0x0000000008004b80                AHBPrescTable
 .rodata.APBPrescTable
                0x0000000008004b90        0x8 ./Core/Src/system_stm32f1xx.o
                0x0000000008004b90                APBPrescTable
 .rodata.aPLLMULFactorTable.1
                0x0000000008004b98       0x10 ./Drivers/STM32F1xx_HAL_Driver/Src/stm32f1xx_hal_rcc.o
 .rodata.aPredivFactorTable.0
                0x0000000008004ba8        0x2 ./Drivers/STM32F1xx_HAL_Driver/Src/stm32f1xx_hal_rcc.o
                0x0000000008004bac                . = ALIGN (0x4)
 *fill*         0x0000000008004baa        0x2 

.rel.dyn        0x0000000008004bac        0x0
 .rel.iplt      0x0000000008004bac        0x0 C:/Users/ADMIN/STM32CubeIDE/workspace_1.14.1/STM32CubeIDE_1.14.0/STM32CubeIDE/plugins/com.st.stm32cube.ide.mcu.externaltools.gnu-tools-for-stm32.11.3.rel1.win32_1.1.100.202309141235/tools/bin/../lib/gcc/arm-none-eabi/11.3.1/thumb/v7-m/nofp/crtbegin.o

.ARM.extab      0x0000000008004bac        0x0
                0x0000000008004bac                . = ALIGN (0x4)
 *(.ARM.extab* .gnu.linkonce.armextab.*)
                0x0000000008004bac                . = ALIGN (0x4)

.ARM            0x0000000008004bac        0x0
                0x0000000008004bac                . = ALIGN (0x4)
                0x0000000008004bac                __exidx_start = .
 *(.ARM.exidx*)
                0x0000000008004bac                __exidx_end = .
                0x0000000008004bac                . = ALIGN (0x4)

.preinit_array  0x0000000008004bac        0x0
                0x0000000008004bac                . = ALIGN (0x4)
                0x0000000008004bac                PROVIDE (__preinit_array_start = .)
 *(.preinit_array*)
                0x0000000008004bac                PROVIDE (__preinit_array_end = .)
                0x0000000008004bac                . = ALIGN (0x4)

.init_array     0x0000000008004bac        0x4
                0x0000000008004bac                . = ALIGN (0x4)
                0x0000000008004bac                PROVIDE (__init_array_start = .)
 *(SORT_BY_NAME(.init_array.*))
 *(.init_array*)
 .init_array    0x0000000008004bac        0x4 C:/Users/ADMIN/STM32CubeIDE/workspace_1.14.1/STM32CubeIDE_1.14.0/STM32CubeIDE/plugins/com.st.stm32cube.ide.mcu.externaltools.gnu-tools-for-stm32.11.3.rel1.win32_1.1.100.202309141235/tools/bin/../lib/gcc/arm-none-eabi/11.3.1/thumb/v7-m/nofp/crtbegin.o
                0x0000000008004bb0                PROVIDE (__init_array_end = .)
                0x0000000008004bb0                . = ALIGN (0x4)

.fini_array     0x0000000008004bb0        0x4
                0x0000000008004bb0                . = ALIGN (0x4)
                [!provide]                        PROVIDE (__fini_array_start = .)
 *(SORT_BY_NAME(.fini_array.*))
 *(.fini_array*)
 .fini_array    0x0000000008004bb0        0x4 C:/Users/ADMIN/STM32CubeIDE/workspace_1.14.1/STM32CubeIDE_1.14.0/STM32CubeIDE/plugins/com.st.stm32cube.ide.mcu.externaltools.gnu-tools-for-stm32.11.3.rel1.win32_1.1.100.202309141235/tools/bin/../lib/gcc/arm-none-eabi/11.3.1/thumb/v7-m/nofp/crtbegin.o
                [!provide]                        PROVIDE (__fini_array_end = .)
                0x0000000008004bb4                . = ALIGN (0x4)
                0x0000000008004bb4                _sidata = LOADADDR (.data)

.data           0x0000000020000000        0xc load address 0x0000000008004bb4
                0x0000000020000000                . = ALIGN (0x4)
                0x0000000020000000                _sdata = .
 *(.data)
 *(.data*)
 .data.SystemCoreClock
                0x0000000020000000        0x4 ./Core/Src/system_stm32f1xx.o
                0x0000000020000000                SystemCoreClock
 .data.uwTickPrio
                0x0000000020000004        0x4 ./Drivers/STM32F1xx_HAL_Driver/Src/stm32f1xx_hal.o
                0x0000000020000004                uwTickPrio
 .data.uwTickFreq
                0x0000000020000008        0x1 ./Drivers/STM32F1xx_HAL_Driver/Src/stm32f1xx_hal.o
                0x0000000020000008                uwTickFreq
 *(.RamFunc)
 *(.RamFunc*)
                0x000000002000000c                . = ALIGN (0x4)
 *fill*         0x0000000020000009        0x3 
                0x000000002000000c                _edata = .

.igot.plt       0x000000002000000c        0x0 load address 0x0000000008004bc0
 .igot.plt      0x000000002000000c        0x0 C:/Users/ADMIN/STM32CubeIDE/workspace_1.14.1/STM32CubeIDE_1.14.0/STM32CubeIDE/plugins/com.st.stm32cube.ide.mcu.externaltools.gnu-tools-for-stm32.11.3.rel1.win32_1.1.100.202309141235/tools/bin/../lib/gcc/arm-none-eabi/11.3.1/thumb/v7-m/nofp/crtbegin.o
                0x000000002000000c                . = ALIGN (0x4)

.bss            0x000000002000000c      0x2e4 load address 0x0000000008004bc0
                0x000000002000000c                _sbss = .
                0x000000002000000c                __bss_start__ = _sbss
 *(.bss)
 .bss           0x000000002000000c       0x1c C:/Users/ADMIN/STM32CubeIDE/workspace_1.14.1/STM32CubeIDE_1.14.0/STM32CubeIDE/plugins/com.st.stm32cube.ide.mcu.externaltools.gnu-tools-for-stm32.11.3.rel1.win32_1.1.100.202309141235/tools/bin/../lib/gcc/arm-none-eabi/11.3.1/thumb/v7-m/nofp/crtbegin.o
 *(.bss*)
 .bss.hiwdg     0x0000000020000028        0xc ./Core/Src/iwdg.o
                0x0000000020000028                hiwdg
 .bss.myLoRa    0x0000000020000034       0x2c ./Core/Src/main.o
                0x0000000020000034                myLoRa
 .bss.LoraState
                0x0000000020000060        0x1 ./Core/Src/main.o
                0x0000000020000060                LoraState
 *fill*         0x0000000020000061        0x3 
 .bss.TxData    0x0000000020000064       0x80 ./Core/Src/main.o
 .bss.RxData    0x00000000200000e4       0x80 ./Core/Src/main.o
 .bss.RxDataUart
                0x0000000020000164        0x8 ./Core/Src/main.o
 .bss.TxDataUart
                0x000000002000016c        0x8 ./Core/Src/main.o
 .bss.Rx_start  0x0000000020000174        0x1 ./Core/Src/main.o
                0x0000000020000174                Rx_start
 .bss.ledData   0x0000000020000175        0x1 ./Core/Src/main.o
 *fill*         0x0000000020000176        0x2 
 .bss.hspi1     0x0000000020000178       0x58 ./Core/Src/spi.o
                0x0000000020000178                hspi1
 .bss.htim3     0x00000000200001d0       0x48 ./Core/Src/stm32f1xx_hal_timebase_tim.o
                0x00000000200001d0                htim3
 .bss.htim1     0x0000000020000218       0x48 ./Core/Src/tim.o
                0x0000000020000218                htim1
 .bss.huart1    0x0000000020000260       0x48 ./Core/Src/usart.o
                0x0000000020000260                huart1
 .bss.hdma_usart1_rx
                0x00000000200002a8       0x44 ./Core/Src/usart.o
                0x00000000200002a8                hdma_usart1_rx
 .bss.uwTick    0x00000000200002ec        0x4 ./Drivers/STM32F1xx_HAL_Driver/Src/stm32f1xx_hal.o
                0x00000000200002ec                uwTick
 *(COMMON)
                0x00000000200002f0                . = ALIGN (0x4)
                0x00000000200002f0                _ebss = .
                0x00000000200002f0                __bss_end__ = _ebss

._user_heap_stack
                0x00000000200002f0      0x600 load address 0x0000000008004bc0
                0x00000000200002f0                . = ALIGN (0x8)
                [!provide]                        PROVIDE (end = .)
                0x00000000200002f0                PROVIDE (_end = .)
                0x00000000200004f0                . = (. + _Min_Heap_Size)
 *fill*         0x00000000200002f0      0x200 
                0x00000000200008f0                . = (. + _Min_Stack_Size)
 *fill*         0x00000000200004f0      0x400 
                0x00000000200008f0                . = ALIGN (0x8)

/DISCARD/
 libc.a(*)
 libm.a(*)
 libgcc.a(*)

.ARM.attributes
                0x0000000000000000       0x29
 *(.ARM.attributes)
 .ARM.attributes
                0x0000000000000000       0x1d C:/Users/ADMIN/STM32CubeIDE/workspace_1.14.1/STM32CubeIDE_1.14.0/STM32CubeIDE/plugins/com.st.stm32cube.ide.mcu.externaltools.gnu-tools-for-stm32.11.3.rel1.win32_1.1.100.202309141235/tools/bin/../lib/gcc/arm-none-eabi/11.3.1/thumb/v7-m/nofp/crti.o
 .ARM.attributes
                0x000000000000001d       0x2d C:/Users/ADMIN/STM32CubeIDE/workspace_1.14.1/STM32CubeIDE_1.14.0/STM32CubeIDE/plugins/com.st.stm32cube.ide.mcu.externaltools.gnu-tools-for-stm32.11.3.rel1.win32_1.1.100.202309141235/tools/bin/../lib/gcc/arm-none-eabi/11.3.1/thumb/v7-m/nofp/crtbegin.o
 .ARM.attributes
                0x000000000000004a       0x2d ./Core/Src/LoRa.o
 .ARM.attributes
                0x0000000000000077       0x2d ./Core/Src/dma.o
 .ARM.attributes
                0x00000000000000a4       0x2d ./Core/Src/gpio.o
 .ARM.attributes
                0x00000000000000d1       0x2d ./Core/Src/iwdg.o
 .ARM.attributes
                0x00000000000000fe       0x2d ./Core/Src/main.o
 .ARM.attributes
                0x000000000000012b       0x2d ./Core/Src/spi.o
 .ARM.attributes
                0x0000000000000158       0x2d ./Core/Src/stm32f1xx_hal_msp.o
 .ARM.attributes
                0x0000000000000185       0x2d ./Core/Src/stm32f1xx_hal_timebase_tim.o
 .ARM.attributes
                0x00000000000001b2       0x2d ./Core/Src/stm32f1xx_it.o
 .ARM.attributes
                0x00000000000001df       0x2d ./Core/Src/system_stm32f1xx.o
 .ARM.attributes
                0x000000000000020c       0x2d ./Core/Src/tim.o
 .ARM.attributes
                0x0000000000000239       0x2d ./Core/Src/usart.o
 .ARM.attributes
                0x0000000000000266       0x21 ./Core/Startup/startup_stm32f103c8tx.o
 .ARM.attributes
                0x0000000000000287       0x2d ./Drivers/STM32F1xx_HAL_Driver/Src/stm32f1xx_hal.o
 .ARM.attributes
                0x00000000000002b4       0x2d ./Drivers/STM32F1xx_HAL_Driver/Src/stm32f1xx_hal_cortex.o
 .ARM.attributes
                0x00000000000002e1       0x2d ./Drivers/STM32F1xx_HAL_Driver/Src/stm32f1xx_hal_dma.o
 .ARM.attributes
                0x000000000000030e       0x2d ./Drivers/STM32F1xx_HAL_Driver/Src/stm32f1xx_hal_gpio.o
 .ARM.attributes
                0x000000000000033b       0x2d ./Drivers/STM32F1xx_HAL_Driver/Src/stm32f1xx_hal_iwdg.o
 .ARM.attributes
                0x0000000000000368       0x2d ./Drivers/STM32F1xx_HAL_Driver/Src/stm32f1xx_hal_rcc.o
 .ARM.attributes
                0x0000000000000395       0x2d ./Drivers/STM32F1xx_HAL_Driver/Src/stm32f1xx_hal_spi.o
 .ARM.attributes
                0x00000000000003c2       0x2d ./Drivers/STM32F1xx_HAL_Driver/Src/stm32f1xx_hal_tim.o
 .ARM.attributes
                0x00000000000003ef       0x2d ./Drivers/STM32F1xx_HAL_Driver/Src/stm32f1xx_hal_tim_ex.o
 .ARM.attributes
                0x000000000000041c       0x2d ./Drivers/STM32F1xx_HAL_Driver/Src/stm32f1xx_hal_uart.o
 .ARM.attributes
                0x0000000000000449       0x2d C:/Users/ADMIN/STM32CubeIDE/workspace_1.14.1/STM32CubeIDE_1.14.0/STM32CubeIDE/plugins/com.st.stm32cube.ide.mcu.externaltools.gnu-tools-for-stm32.11.3.rel1.win32_1.1.100.202309141235/tools/bin/../lib/gcc/arm-none-eabi/11.3.1/../../../../arm-none-eabi/lib/thumb/v7-m/nofp\libc_nano.a(libc_a-memset.o)
 .ARM.attributes
                0x0000000000000476       0x2d C:/Users/ADMIN/STM32CubeIDE/workspace_1.14.1/STM32CubeIDE_1.14.0/STM32CubeIDE/plugins/com.st.stm32cube.ide.mcu.externaltools.gnu-tools-for-stm32.11.3.rel1.win32_1.1.100.202309141235/tools/bin/../lib/gcc/arm-none-eabi/11.3.1/../../../../arm-none-eabi/lib/thumb/v7-m/nofp\libc_nano.a(libc_a-init.o)
 .ARM.attributes
                0x00000000000004a3       0x1d C:/Users/ADMIN/STM32CubeIDE/workspace_1.14.1/STM32CubeIDE_1.14.0/STM32CubeIDE/plugins/com.st.stm32cube.ide.mcu.externaltools.gnu-tools-for-stm32.11.3.rel1.win32_1.1.100.202309141235/tools/bin/../lib/gcc/arm-none-eabi/11.3.1/thumb/v7-m/nofp/crtn.o
OUTPUT(Lora_Smart_Garden.elf elf32-littlearm)
LOAD linker stubs
LOAD C:/Users/ADMIN/STM32CubeIDE/workspace_1.14.1/STM32CubeIDE_1.14.0/STM32CubeIDE/plugins/com.st.stm32cube.ide.mcu.externaltools.gnu-tools-for-stm32.11.3.rel1.win32_1.1.100.202309141235/tools/bin/../lib/gcc/arm-none-eabi/11.3.1/../../../../arm-none-eabi/lib/thumb/v7-m/nofp\libc.a
LOAD C:/Users/ADMIN/STM32CubeIDE/workspace_1.14.1/STM32CubeIDE_1.14.0/STM32CubeIDE/plugins/com.st.stm32cube.ide.mcu.externaltools.gnu-tools-for-stm32.11.3.rel1.win32_1.1.100.202309141235/tools/bin/../lib/gcc/arm-none-eabi/11.3.1/../../../../arm-none-eabi/lib/thumb/v7-m/nofp\libm.a
LOAD C:/Users/ADMIN/STM32CubeIDE/workspace_1.14.1/STM32CubeIDE_1.14.0/STM32CubeIDE/plugins/com.st.stm32cube.ide.mcu.externaltools.gnu-tools-for-stm32.11.3.rel1.win32_1.1.100.202309141235/tools/bin/../lib/gcc/arm-none-eabi/11.3.1/thumb/v7-m/nofp\libgcc.a

.comment        0x0000000000000000       0x43
 .comment       0x0000000000000000       0x43 C:/Users/ADMIN/STM32CubeIDE/workspace_1.14.1/STM32CubeIDE_1.14.0/STM32CubeIDE/plugins/com.st.stm32cube.ide.mcu.externaltools.gnu-tools-for-stm32.11.3.rel1.win32_1.1.100.202309141235/tools/bin/../lib/gcc/arm-none-eabi/11.3.1/thumb/v7-m/nofp/crtbegin.o
                                         0x44 (size before relaxing)
 .comment       0x0000000000000043       0x44 ./Core/Src/LoRa.o
 .comment       0x0000000000000043       0x44 ./Core/Src/dma.o
 .comment       0x0000000000000043       0x44 ./Core/Src/gpio.o
 .comment       0x0000000000000043       0x44 ./Core/Src/iwdg.o
 .comment       0x0000000000000043       0x44 ./Core/Src/main.o
 .comment       0x0000000000000043       0x44 ./Core/Src/spi.o
 .comment       0x0000000000000043       0x44 ./Core/Src/stm32f1xx_hal_msp.o
 .comment       0x0000000000000043       0x44 ./Core/Src/stm32f1xx_hal_timebase_tim.o
 .comment       0x0000000000000043       0x44 ./Core/Src/stm32f1xx_it.o
 .comment       0x0000000000000043       0x44 ./Core/Src/system_stm32f1xx.o
 .comment       0x0000000000000043       0x44 ./Core/Src/tim.o
 .comment       0x0000000000000043       0x44 ./Core/Src/usart.o
 .comment       0x0000000000000043       0x44 ./Drivers/STM32F1xx_HAL_Driver/Src/stm32f1xx_hal.o
 .comment       0x0000000000000043       0x44 ./Drivers/STM32F1xx_HAL_Driver/Src/stm32f1xx_hal_cortex.o
 .comment       0x0000000000000043       0x44 ./Drivers/STM32F1xx_HAL_Driver/Src/stm32f1xx_hal_dma.o
 .comment       0x0000000000000043       0x44 ./Drivers/STM32F1xx_HAL_Driver/Src/stm32f1xx_hal_gpio.o
 .comment       0x0000000000000043       0x44 ./Drivers/STM32F1xx_HAL_Driver/Src/stm32f1xx_hal_iwdg.o
 .comment       0x0000000000000043       0x44 ./Drivers/STM32F1xx_HAL_Driver/Src/stm32f1xx_hal_rcc.o
 .comment       0x0000000000000043       0x44 ./Drivers/STM32F1xx_HAL_Driver/Src/stm32f1xx_hal_spi.o
 .comment       0x0000000000000043       0x44 ./Drivers/STM32F1xx_HAL_Driver/Src/stm32f1xx_hal_tim.o
 .comment       0x0000000000000043       0x44 ./Drivers/STM32F1xx_HAL_Driver/Src/stm32f1xx_hal_tim_ex.o
 .comment       0x0000000000000043       0x44 ./Drivers/STM32F1xx_HAL_Driver/Src/stm32f1xx_hal_uart.o

.debug_info     0x0000000000000000    0x102ba
 .debug_info    0x0000000000000000      0xd0f ./Core/Src/LoRa.o
 .debug_info    0x0000000000000d0f      0x2cf ./Core/Src/dma.o
 .debug_info    0x0000000000000fde      0x44e ./Core/Src/gpio.o
 .debug_info    0x000000000000142c      0x1b9 ./Core/Src/iwdg.o
 .debug_info    0x00000000000015e5     0x11eb ./Core/Src/main.o
 .debug_info    0x00000000000027d0      0x7b2 ./Core/Src/spi.o
 .debug_info    0x0000000000002f82      0x1f1 ./Core/Src/stm32f1xx_hal_msp.o
 .debug_info    0x0000000000003173      0x9a8 ./Core/Src/stm32f1xx_hal_timebase_tim.o
 .debug_info    0x0000000000003b1b      0x992 ./Core/Src/stm32f1xx_it.o
 .debug_info    0x00000000000044ad      0x222 ./Core/Src/system_stm32f1xx.o
 .debug_info    0x00000000000046cf      0x82a ./Core/Src/tim.o
 .debug_info    0x0000000000004ef9      0x967 ./Core/Src/usart.o
 .debug_info    0x0000000000005860       0x23 ./Core/Startup/startup_stm32f103c8tx.o
 .debug_info    0x0000000000005883      0x704 ./Drivers/STM32F1xx_HAL_Driver/Src/stm32f1xx_hal.o
 .debug_info    0x0000000000005f87      0xa87 ./Drivers/STM32F1xx_HAL_Driver/Src/stm32f1xx_hal_cortex.o
 .debug_info    0x0000000000006a0e      0x6d2 ./Drivers/STM32F1xx_HAL_Driver/Src/stm32f1xx_hal_dma.o
 .debug_info    0x00000000000070e0      0x5ab ./Drivers/STM32F1xx_HAL_Driver/Src/stm32f1xx_hal_gpio.o
 .debug_info    0x000000000000768b      0x1d9 ./Drivers/STM32F1xx_HAL_Driver/Src/stm32f1xx_hal_iwdg.o
 .debug_info    0x0000000000007864      0x7d5 ./Drivers/STM32F1xx_HAL_Driver/Src/stm32f1xx_hal_rcc.o
 .debug_info    0x0000000000008039     0x1503 ./Drivers/STM32F1xx_HAL_Driver/Src/stm32f1xx_hal_spi.o
 .debug_info    0x000000000000953c     0x293b ./Drivers/STM32F1xx_HAL_Driver/Src/stm32f1xx_hal_tim.o
 .debug_info    0x000000000000be77     0x149b ./Drivers/STM32F1xx_HAL_Driver/Src/stm32f1xx_hal_tim_ex.o
 .debug_info    0x000000000000d312     0x2fa8 ./Drivers/STM32F1xx_HAL_Driver/Src/stm32f1xx_hal_uart.o

.debug_abbrev   0x0000000000000000     0x2b9e
 .debug_abbrev  0x0000000000000000      0x270 ./Core/Src/LoRa.o
 .debug_abbrev  0x0000000000000270       0xfc ./Core/Src/dma.o
 .debug_abbrev  0x000000000000036c      0x161 ./Core/Src/gpio.o
 .debug_abbrev  0x00000000000004cd      0x128 ./Core/Src/iwdg.o
 .debug_abbrev  0x00000000000005f5      0x2e3 ./Core/Src/main.o
 .debug_abbrev  0x00000000000008d8      0x1e0 ./Core/Src/spi.o
 .debug_abbrev  0x0000000000000ab8       0xdb ./Core/Src/stm32f1xx_hal_msp.o
 .debug_abbrev  0x0000000000000b93      0x1f3 ./Core/Src/stm32f1xx_hal_timebase_tim.o
 .debug_abbrev  0x0000000000000d86      0x19d ./Core/Src/stm32f1xx_it.o
 .debug_abbrev  0x0000000000000f23      0x13f ./Core/Src/system_stm32f1xx.o
 .debug_abbrev  0x0000000000001062      0x1ef ./Core/Src/tim.o
 .debug_abbrev  0x0000000000001251      0x219 ./Core/Src/usart.o
 .debug_abbrev  0x000000000000146a       0x12 ./Core/Startup/startup_stm32f103c8tx.o
 .debug_abbrev  0x000000000000147c      0x201 ./Drivers/STM32F1xx_HAL_Driver/Src/stm32f1xx_hal.o
 .debug_abbrev  0x000000000000167d      0x2f8 ./Drivers/STM32F1xx_HAL_Driver/Src/stm32f1xx_hal_cortex.o
 .debug_abbrev  0x0000000000001975      0x20b ./Drivers/STM32F1xx_HAL_Driver/Src/stm32f1xx_hal_dma.o
 .debug_abbrev  0x0000000000001b80      0x1ca ./Drivers/STM32F1xx_HAL_Driver/Src/stm32f1xx_hal_gpio.o
 .debug_abbrev  0x0000000000001d4a      0x12c ./Drivers/STM32F1xx_HAL_Driver/Src/stm32f1xx_hal_iwdg.o
 .debug_abbrev  0x0000000000001e76      0x2b3 ./Drivers/STM32F1xx_HAL_Driver/Src/stm32f1xx_hal_rcc.o
 .debug_abbrev  0x0000000000002129      0x284 ./Drivers/STM32F1xx_HAL_Driver/Src/stm32f1xx_hal_spi.o
 .debug_abbrev  0x00000000000023ad      0x277 ./Drivers/STM32F1xx_HAL_Driver/Src/stm32f1xx_hal_tim.o
 .debug_abbrev  0x0000000000002624      0x282 ./Drivers/STM32F1xx_HAL_Driver/Src/stm32f1xx_hal_tim_ex.o
 .debug_abbrev  0x00000000000028a6      0x2f8 ./Drivers/STM32F1xx_HAL_Driver/Src/stm32f1xx_hal_uart.o

.debug_aranges  0x0000000000000000      0xf80
 .debug_aranges
                0x0000000000000000       0xb0 ./Core/Src/LoRa.o
 .debug_aranges
                0x00000000000000b0       0x20 ./Core/Src/dma.o
 .debug_aranges
                0x00000000000000d0       0x20 ./Core/Src/gpio.o
 .debug_aranges
                0x00000000000000f0       0x20 ./Core/Src/iwdg.o
 .debug_aranges
                0x0000000000000110       0x40 ./Core/Src/main.o
 .debug_aranges
                0x0000000000000150       0x30 ./Core/Src/spi.o
 .debug_aranges
                0x0000000000000180       0x20 ./Core/Src/stm32f1xx_hal_msp.o
 .debug_aranges
                0x00000000000001a0       0x30 ./Core/Src/stm32f1xx_hal_timebase_tim.o
 .debug_aranges
                0x00000000000001d0       0x80 ./Core/Src/stm32f1xx_it.o
 .debug_aranges
                0x0000000000000250       0x28 ./Core/Src/system_stm32f1xx.o
 .debug_aranges
                0x0000000000000278       0x30 ./Core/Src/tim.o
 .debug_aranges
                0x00000000000002a8       0x30 ./Core/Src/usart.o
 .debug_aranges
                0x00000000000002d8       0x28 ./Core/Startup/startup_stm32f103c8tx.o
 .debug_aranges
                0x0000000000000300       0xe0 ./Drivers/STM32F1xx_HAL_Driver/Src/stm32f1xx_hal.o
 .debug_aranges
                0x00000000000003e0      0x100 ./Drivers/STM32F1xx_HAL_Driver/Src/stm32f1xx_hal_cortex.o
 .debug_aranges
                0x00000000000004e0       0x80 ./Drivers/STM32F1xx_HAL_Driver/Src/stm32f1xx_hal_dma.o
 .debug_aranges
                0x0000000000000560       0x58 ./Drivers/STM32F1xx_HAL_Driver/Src/stm32f1xx_hal_gpio.o
 .debug_aranges
                0x00000000000005b8       0x28 ./Drivers/STM32F1xx_HAL_Driver/Src/stm32f1xx_hal_iwdg.o
 .debug_aranges
                0x00000000000005e0       0x90 ./Drivers/STM32F1xx_HAL_Driver/Src/stm32f1xx_hal_rcc.o
 .debug_aranges
                0x0000000000000670      0x1d0 ./Drivers/STM32F1xx_HAL_Driver/Src/stm32f1xx_hal_spi.o
 .debug_aranges
                0x0000000000000840      0x3d0 ./Drivers/STM32F1xx_HAL_Driver/Src/stm32f1xx_hal_tim.o
 .debug_aranges
                0x0000000000000c10      0x168 ./Drivers/STM32F1xx_HAL_Driver/Src/stm32f1xx_hal_tim_ex.o
 .debug_aranges
                0x0000000000000d78      0x208 ./Drivers/STM32F1xx_HAL_Driver/Src/stm32f1xx_hal_uart.o

.debug_rnglists
                0x0000000000000000      0xbfc
 .debug_rnglists
                0x0000000000000000       0x84 ./Core/Src/LoRa.o
 .debug_rnglists
                0x0000000000000084       0x13 ./Core/Src/dma.o
 .debug_rnglists
                0x0000000000000097       0x14 ./Core/Src/gpio.o
 .debug_rnglists
                0x00000000000000ab       0x13 ./Core/Src/iwdg.o
 .debug_rnglists
                0x00000000000000be       0x2d ./Core/Src/main.o
 .debug_rnglists
                0x00000000000000eb       0x20 ./Core/Src/spi.o
 .debug_rnglists
                0x000000000000010b       0x13 ./Core/Src/stm32f1xx_hal_msp.o
 .debug_rnglists
                0x000000000000011e       0x20 ./Core/Src/stm32f1xx_hal_timebase_tim.o
 .debug_rnglists
                0x000000000000013e       0x5b ./Core/Src/stm32f1xx_it.o
 .debug_rnglists
                0x0000000000000199       0x1a ./Core/Src/system_stm32f1xx.o
 .debug_rnglists
                0x00000000000001b3       0x20 ./Core/Src/tim.o
 .debug_rnglists
                0x00000000000001d3       0x20 ./Core/Src/usart.o
 .debug_rnglists
                0x00000000000001f3       0x19 ./Core/Startup/startup_stm32f103c8tx.o
 .debug_rnglists
                0x000000000000020c       0xa3 ./Drivers/STM32F1xx_HAL_Driver/Src/stm32f1xx_hal.o
 .debug_rnglists
                0x00000000000002af       0xbb ./Drivers/STM32F1xx_HAL_Driver/Src/stm32f1xx_hal_cortex.o
 .debug_rnglists
                0x000000000000036a       0x64 ./Drivers/STM32F1xx_HAL_Driver/Src/stm32f1xx_hal_dma.o
 .debug_rnglists
                0x00000000000003ce       0x3f ./Drivers/STM32F1xx_HAL_Driver/Src/stm32f1xx_hal_gpio.o
 .debug_rnglists
                0x000000000000040d       0x1a ./Drivers/STM32F1xx_HAL_Driver/Src/stm32f1xx_hal_iwdg.o
 .debug_rnglists
                0x0000000000000427       0x6c ./Drivers/STM32F1xx_HAL_Driver/Src/stm32f1xx_hal_rcc.o
 .debug_rnglists
                0x0000000000000493      0x16e ./Drivers/STM32F1xx_HAL_Driver/Src/stm32f1xx_hal_spi.o
 .debug_rnglists
                0x0000000000000601      0x31a ./Drivers/STM32F1xx_HAL_Driver/Src/stm32f1xx_hal_tim.o
 .debug_rnglists
                0x000000000000091b      0x125 ./Drivers/STM32F1xx_HAL_Driver/Src/stm32f1xx_hal_tim_ex.o
 .debug_rnglists
                0x0000000000000a40      0x1bc ./Drivers/STM32F1xx_HAL_Driver/Src/stm32f1xx_hal_uart.o

.debug_macro    0x0000000000000000    0x1837f
 .debug_macro   0x0000000000000000      0x1cf ./Core/Src/LoRa.o
 .debug_macro   0x00000000000001cf      0xa9c ./Core/Src/LoRa.o
 .debug_macro   0x0000000000000c6b      0x22d ./Core/Src/LoRa.o
 .debug_macro   0x0000000000000e98       0x2e ./Core/Src/LoRa.o
 .debug_macro   0x0000000000000ec6       0x22 ./Core/Src/LoRa.o
 .debug_macro   0x0000000000000ee8       0x22 ./Core/Src/LoRa.o
 .debug_macro   0x0000000000000f0a       0x8e ./Core/Src/LoRa.o
 .debug_macro   0x0000000000000f98       0x51 ./Core/Src/LoRa.o
 .debug_macro   0x0000000000000fe9      0x103 ./Core/Src/LoRa.o
 .debug_macro   0x00000000000010ec       0x6a ./Core/Src/LoRa.o
 .debug_macro   0x0000000000001156      0x1df ./Core/Src/LoRa.o
 .debug_macro   0x0000000000001335       0x1c ./Core/Src/LoRa.o
 .debug_macro   0x0000000000001351       0x22 ./Core/Src/LoRa.o
 .debug_macro   0x0000000000001373       0xbd ./Core/Src/LoRa.o
 .debug_macro   0x0000000000001430      0xd23 ./Core/Src/LoRa.o
 .debug_macro   0x0000000000002153     0xe09e ./Core/Src/LoRa.o
 .debug_macro   0x00000000000101f1       0x6d ./Core/Src/LoRa.o
 .debug_macro   0x000000000001025e     0x348d ./Core/Src/LoRa.o
 .debug_macro   0x00000000000136eb      0x174 ./Core/Src/LoRa.o
 .debug_macro   0x000000000001385f       0x5c ./Core/Src/LoRa.o
 .debug_macro   0x00000000000138bb      0x5bc ./Core/Src/LoRa.o
 .debug_macro   0x0000000000013e77      0x289 ./Core/Src/LoRa.o
 .debug_macro   0x0000000000014100      0x1cb ./Core/Src/LoRa.o
 .debug_macro   0x00000000000142cb      0x114 ./Core/Src/LoRa.o
 .debug_macro   0x00000000000143df      0x1b2 ./Core/Src/LoRa.o
 .debug_macro   0x0000000000014591       0x27 ./Core/Src/LoRa.o
 .debug_macro   0x00000000000145b8      0x136 ./Core/Src/LoRa.o
 .debug_macro   0x00000000000146ee      0x1bc ./Core/Src/LoRa.o
 .debug_macro   0x00000000000148aa       0x34 ./Core/Src/LoRa.o
 .debug_macro   0x00000000000148de       0x3c ./Core/Src/LoRa.o
 .debug_macro   0x000000000001491a       0x57 ./Core/Src/LoRa.o
 .debug_macro   0x0000000000014971       0x87 ./Core/Src/LoRa.o
 .debug_macro   0x00000000000149f8      0x240 ./Core/Src/LoRa.o
 .debug_macro   0x0000000000014c38       0x78 ./Core/Src/LoRa.o
 .debug_macro   0x0000000000014cb0      0x140 ./Core/Src/LoRa.o
 .debug_macro   0x0000000000014df0      0x217 ./Core/Src/LoRa.o
 .debug_macro   0x0000000000015007      0x8ed ./Core/Src/LoRa.o
 .debug_macro   0x00000000000158f4      0x28e ./Core/Src/LoRa.o
 .debug_macro   0x0000000000015b82       0x83 ./Core/Src/LoRa.o
 .debug_macro   0x0000000000015c05       0x3a ./Core/Src/LoRa.o
 .debug_macro   0x0000000000015c3f      0x166 ./Core/Src/LoRa.o
 .debug_macro   0x0000000000015da5      0x1d0 ./Core/Src/dma.o
 .debug_macro   0x0000000000015f75      0x1d0 ./Core/Src/gpio.o
 .debug_macro   0x0000000000016145      0x1d0 ./Core/Src/iwdg.o
 .debug_macro   0x0000000000016315      0x219 ./Core/Src/main.o
 .debug_macro   0x000000000001652e      0x1d0 ./Core/Src/spi.o
 .debug_macro   0x00000000000166fe      0x1c6 ./Core/Src/stm32f1xx_hal_msp.o
 .debug_macro   0x00000000000168c4      0x1b7 ./Core/Src/stm32f1xx_hal_timebase_tim.o
 .debug_macro   0x0000000000016a7b      0x1d0 ./Core/Src/stm32f1xx_it.o
 .debug_macro   0x0000000000016c4b      0x1b7 ./Core/Src/system_stm32f1xx.o
 .debug_macro   0x0000000000016e02      0x1d0 ./Core/Src/tim.o
 .debug_macro   0x0000000000016fd2      0x1d0 ./Core/Src/usart.o
 .debug_macro   0x00000000000171a2      0x1db ./Drivers/STM32F1xx_HAL_Driver/Src/stm32f1xx_hal.o
 .debug_macro   0x000000000001737d      0x1b7 ./Drivers/STM32F1xx_HAL_Driver/Src/stm32f1xx_hal_cortex.o
 .debug_macro   0x0000000000017534      0x1b7 ./Drivers/STM32F1xx_HAL_Driver/Src/stm32f1xx_hal_dma.o
 .debug_macro   0x00000000000176eb      0x222 ./Drivers/STM32F1xx_HAL_Driver/Src/stm32f1xx_hal_gpio.o
 .debug_macro   0x000000000001790d      0x1c3 ./Drivers/STM32F1xx_HAL_Driver/Src/stm32f1xx_hal_iwdg.o
 .debug_macro   0x0000000000017ad0      0x1c9 ./Drivers/STM32F1xx_HAL_Driver/Src/stm32f1xx_hal_rcc.o
 .debug_macro   0x0000000000017c99      0x1bf ./Drivers/STM32F1xx_HAL_Driver/Src/stm32f1xx_hal_spi.o
 .debug_macro   0x0000000000017e58      0x1b8 ./Drivers/STM32F1xx_HAL_Driver/Src/stm32f1xx_hal_tim.o
 .debug_macro   0x0000000000018010      0x1b7 ./Drivers/STM32F1xx_HAL_Driver/Src/stm32f1xx_hal_tim_ex.o
 .debug_macro   0x00000000000181c7      0x1b8 ./Drivers/STM32F1xx_HAL_Driver/Src/stm32f1xx_hal_uart.o

.debug_line     0x0000000000000000    0x138b9
 .debug_line    0x0000000000000000      0xb3d ./Core/Src/LoRa.o
 .debug_line    0x0000000000000b3d      0x73b ./Core/Src/dma.o
 .debug_line    0x0000000000001278      0x78f ./Core/Src/gpio.o
 .debug_line    0x0000000000001a07      0x74c ./Core/Src/iwdg.o
 .debug_line    0x0000000000002153      0x8c2 ./Core/Src/main.o
 .debug_line    0x0000000000002a15      0x7b7 ./Core/Src/spi.o
 .debug_line    0x00000000000031cc      0x741 ./Core/Src/stm32f1xx_hal_msp.o
 .debug_line    0x000000000000390d      0x7bc ./Core/Src/stm32f1xx_hal_timebase_tim.o
 .debug_line    0x00000000000040c9      0x85d ./Core/Src/stm32f1xx_it.o
 .debug_line    0x0000000000004926      0x7be ./Core/Src/system_stm32f1xx.o
 .debug_line    0x00000000000050e4      0x7ab ./Core/Src/tim.o
 .debug_line    0x000000000000588f      0x7d5 ./Core/Src/usart.o
 .debug_line    0x0000000000006064       0x78 ./Core/Startup/startup_stm32f103c8tx.o
 .debug_line    0x00000000000060dc      0x9eb ./Drivers/STM32F1xx_HAL_Driver/Src/stm32f1xx_hal.o
 .debug_line    0x0000000000006ac7      0xbd3 ./Drivers/STM32F1xx_HAL_Driver/Src/stm32f1xx_hal_cortex.o
 .debug_line    0x000000000000769a      0xe44 ./Drivers/STM32F1xx_HAL_Driver/Src/stm32f1xx_hal_dma.o
 .debug_line    0x00000000000084de      0xa84 ./Drivers/STM32F1xx_HAL_Driver/Src/stm32f1xx_hal_gpio.o
 .debug_line    0x0000000000008f62      0x7b6 ./Drivers/STM32F1xx_HAL_Driver/Src/stm32f1xx_hal_iwdg.o
 .debug_line    0x0000000000009718      0xdf4 ./Drivers/STM32F1xx_HAL_Driver/Src/stm32f1xx_hal_rcc.o
 .debug_line    0x000000000000a50c     0x1c73 ./Drivers/STM32F1xx_HAL_Driver/Src/stm32f1xx_hal_spi.o
 .debug_line    0x000000000000c17f     0x34d7 ./Drivers/STM32F1xx_HAL_Driver/Src/stm32f1xx_hal_tim.o
 .debug_line    0x000000000000f656     0x194a ./Drivers/STM32F1xx_HAL_Driver/Src/stm32f1xx_hal_tim_ex.o
 .debug_line    0x0000000000010fa0     0x2919 ./Drivers/STM32F1xx_HAL_Driver/Src/stm32f1xx_hal_uart.o

.debug_str      0x0000000000000000    0x89095
 .debug_str     0x0000000000000000    0x855ff ./Core/Src/LoRa.o
                                      0x859bd (size before relaxing)
 .debug_str     0x00000000000855ff      0x2f1 ./Core/Src/dma.o
                                      0x852a8 (size before relaxing)
 .debug_str     0x00000000000858f0       0x66 ./Core/Src/gpio.o
                                      0x85351 (size before relaxing)
 .debug_str     0x0000000000085956       0x7f ./Core/Src/iwdg.o
                                      0x85008 (size before relaxing)
 .debug_str     0x00000000000859d5      0x712 ./Core/Src/main.o
                                      0x86059 (size before relaxing)
 .debug_str     0x00000000000860e7       0x5b ./Core/Src/spi.o
                                      0x8545b (size before relaxing)
 .debug_str     0x0000000000086142       0x5a ./Core/Src/stm32f1xx_hal_msp.o
                                      0x84fd2 (size before relaxing)
 .debug_str     0x000000000008619c      0x107 ./Core/Src/stm32f1xx_hal_timebase_tim.o
                                      0x857f8 (size before relaxing)
 .debug_str     0x00000000000862a3      0x16f ./Core/Src/stm32f1xx_it.o
                                      0x85785 (size before relaxing)
 .debug_str     0x0000000000086412       0x7e ./Core/Src/system_stm32f1xx.o
                                      0x84f30 (size before relaxing)
 .debug_str     0x0000000000086490      0x12a ./Core/Src/tim.o
                                      0x855d8 (size before relaxing)
 .debug_str     0x00000000000865ba       0x81 ./Core/Src/usart.o
                                      0x857d8 (size before relaxing)
 .debug_str     0x000000000008663b       0x34 ./Core/Startup/startup_stm32f103c8tx.o
                                         0x8d (size before relaxing)
 .debug_str     0x000000000008666f      0x336 ./Drivers/STM32F1xx_HAL_Driver/Src/stm32f1xx_hal.o
                                      0x85663 (size before relaxing)
 .debug_str     0x00000000000869a5      0x294 ./Drivers/STM32F1xx_HAL_Driver/Src/stm32f1xx_hal_cortex.o
                                      0x855af (size before relaxing)
 .debug_str     0x0000000000086c39      0x206 ./Drivers/STM32F1xx_HAL_Driver/Src/stm32f1xx_hal_dma.o
                                      0x852d9 (size before relaxing)
 .debug_str     0x0000000000086e3f      0x295 ./Drivers/STM32F1xx_HAL_Driver/Src/stm32f1xx_hal_gpio.o
                                      0x852b6 (size before relaxing)
 .debug_str     0x00000000000870d4       0xd4 ./Drivers/STM32F1xx_HAL_Driver/Src/stm32f1xx_hal_iwdg.o
                                      0x84ff2 (size before relaxing)
 .debug_str     0x00000000000871a8      0x1f3 ./Drivers/STM32F1xx_HAL_Driver/Src/stm32f1xx_hal_rcc.o
                                      0x8535f (size before relaxing)
 .debug_str     0x000000000008739b      0x50f ./Drivers/STM32F1xx_HAL_Driver/Src/stm32f1xx_hal_spi.o
                                      0x8585c (size before relaxing)
 .debug_str     0x00000000000878aa      0xd8a ./Drivers/STM32F1xx_HAL_Driver/Src/stm32f1xx_hal_tim.o
                                      0x86351 (size before relaxing)
 .debug_str     0x0000000000088634      0x493 ./Drivers/STM32F1xx_HAL_Driver/Src/stm32f1xx_hal_tim_ex.o
                                      0x85b6d (size before relaxing)
 .debug_str     0x0000000000088ac7      0x5ce ./Drivers/STM32F1xx_HAL_Driver/Src/stm32f1xx_hal_uart.o
                                      0x859d0 (size before relaxing)

.debug_frame    0x0000000000000000     0x3ecc
 .debug_frame   0x0000000000000000      0x2cc ./Core/Src/LoRa.o
 .debug_frame   0x00000000000002cc       0x34 ./Core/Src/dma.o
 .debug_frame   0x0000000000000300       0x34 ./Core/Src/gpio.o
 .debug_frame   0x0000000000000334       0x2c ./Core/Src/iwdg.o
 .debug_frame   0x0000000000000360       0xb8 ./Core/Src/main.o
 .debug_frame   0x0000000000000418       0x74 ./Core/Src/spi.o
 .debug_frame   0x000000000000048c       0x38 ./Core/Src/stm32f1xx_hal_msp.o
 .debug_frame   0x00000000000004c4       0x74 ./Core/Src/stm32f1xx_hal_timebase_tim.o
 .debug_frame   0x0000000000000538      0x178 ./Core/Src/stm32f1xx_it.o
 .debug_frame   0x00000000000006b0       0x58 ./Core/Src/system_stm32f1xx.o
 .debug_frame   0x0000000000000708       0x84 ./Core/Src/tim.o
 .debug_frame   0x000000000000078c       0x74 ./Core/Src/usart.o
 .debug_frame   0x0000000000000800      0x334 ./Drivers/STM32F1xx_HAL_Driver/Src/stm32f1xx_hal.o
 .debug_frame   0x0000000000000b34      0x428 ./Drivers/STM32F1xx_HAL_Driver/Src/stm32f1xx_hal_cortex.o
 .debug_frame   0x0000000000000f5c      0x208 ./Drivers/STM32F1xx_HAL_Driver/Src/stm32f1xx_hal_dma.o
 .debug_frame   0x0000000000001164      0x14c ./Drivers/STM32F1xx_HAL_Driver/Src/stm32f1xx_hal_gpio.o
 .debug_frame   0x00000000000012b0       0x5c ./Drivers/STM32F1xx_HAL_Driver/Src/stm32f1xx_hal_iwdg.o
 .debug_frame   0x000000000000130c      0x218 ./Drivers/STM32F1xx_HAL_Driver/Src/stm32f1xx_hal_rcc.o
 .debug_frame   0x0000000000001524      0x824 ./Drivers/STM32F1xx_HAL_Driver/Src/stm32f1xx_hal_spi.o
 .debug_frame   0x0000000000001d48     0x11bc ./Drivers/STM32F1xx_HAL_Driver/Src/stm32f1xx_hal_tim.o
 .debug_frame   0x0000000000002f04      0x638 ./Drivers/STM32F1xx_HAL_Driver/Src/stm32f1xx_hal_tim_ex.o
 .debug_frame   0x000000000000353c      0x944 ./Drivers/STM32F1xx_HAL_Driver/Src/stm32f1xx_hal_uart.o
 .debug_frame   0x0000000000003e80       0x20 C:/Users/ADMIN/STM32CubeIDE/workspace_1.14.1/STM32CubeIDE_1.14.0/STM32CubeIDE/plugins/com.st.stm32cube.ide.mcu.externaltools.gnu-tools-for-stm32.11.3.rel1.win32_1.1.100.202309141235/tools/bin/../lib/gcc/arm-none-eabi/11.3.1/../../../../arm-none-eabi/lib/thumb/v7-m/nofp\libc_nano.a(libc_a-memset.o)
 .debug_frame   0x0000000000003ea0       0x2c C:/Users/ADMIN/STM32CubeIDE/workspace_1.14.1/STM32CubeIDE_1.14.0/STM32CubeIDE/plugins/com.st.stm32cube.ide.mcu.externaltools.gnu-tools-for-stm32.11.3.rel1.win32_1.1.100.202309141235/tools/bin/../lib/gcc/arm-none-eabi/11.3.1/../../../../arm-none-eabi/lib/thumb/v7-m/nofp\libc_nano.a(libc_a-init.o)

.debug_line_str
                0x0000000000000000       0x81
 .debug_line_str
                0x0000000000000000       0x81 ./Core/Startup/startup_stm32f103c8tx.o
                                         0x99 (size before relaxing)
